vite v6.4.1 building for production...
transforming...
??3633 modules transformed.
